2026-07-18 11:29:57 round=0 phase=preflight
2026-07-18 11:30:29 round=1 phase=review
2026-07-18 11:35:01 round=1 phase=implement
2026-07-18 11:42:37 round=1 phase=verify
2026-07-18 11:42:40 round=2 phase=review
2026-07-18 11:46:07 round=2 phase=implement
2026-07-18 11:51:42 round=2 phase=verify
2026-07-18 11:51:43 round=3 phase=review
2026-07-18 11:57:12 round=3 phase=implement
2026-07-18 12:01:42 round=3 phase=verify
2026-07-18 12:01:44 round=4 phase=review
2026-07-18 12:06:38 round=4 phase=implement
2026-07-18 12:09:26 round=4 phase=verify
2026-07-18 12:09:28 round=5 phase=review
2026-07-18 12:12:43 round=5 phase=implement
2026-07-18 12:14:00 round=5 phase=verify
2026-07-18 12:14:02 round=6 phase=review
2026-07-18 12:17:48 round=6 phase=implement
2026-07-18 12:21:20 round=6 phase=verify
2026-07-18 12:21:21 round=end phase=cap
